// Jest Snapshot v1, https://goo.gl/fbAQLP

exports[`NotLoaded should match the snapshot 1`] = `
<p
  className="not-loaded-info"
>
  Sorry, we couldn't load this article. Please try again later.
</p>
`;
