// Jest Snapshot v1, https://goo.gl/fbAQLP

exports[`Header should match the snapshot 1`] = `
<div
  className="article-header"
>
  <div
    className="article-info"
  >
    <p
      className="article-author"
    >
      Test Name
    </p>
    <p
      className="article-date"
    >
      09:27 Sep 3, 2020
    </p>
  </div>
  <hr />
  <h1
    className="article-title"
  >
    Heading!
  </h1>
</div>
`;
