// Jest Snapshot v1, https://goo.gl/fbAQLP

exports[`Title should match the snapshot 1`] = `
<h1
  className="article-title"
>
  This is a text!
</h1>
`;
