// Jest Snapshot v1, https://goo.gl/fbAQLP

exports[`ArticleWrapper should match the snapshot 1`] = `
<div
  className="article-wrapper"
>
  <h1>
    Element
  </h1>
</div>
`;
